AR multiplicador1alg behavioral /home/ise/compart/TRAB2/Multiplicador1Alg.vhd sub00/vhpl03 1733456632
AR ps2_rx arch /home/ise/compart/TRAB2/list_ch08_01_ps2_rx.vhd sub00/vhpl09 1733456638
AR kb_code arch /home/ise/compart/TRAB2/CODIGO_TOP_LEVEL_TECLADO.vhd sub00/vhpl15 1733456644
EN ps2_rx NULL /home/ise/compart/TRAB2/list_ch08_01_ps2_rx.vhd sub00/vhpl08 1733456637
AR key2ascii arch /home/ise/compart/TRAB2/list_ch08_04_key2ascii.vhd sub00/vhpl13 1733456642
EN somadorcompleto_bcd NULL /home/ise/compart/TRAB2/SomadorCompleto_BCD.vhd sub00/vhpl04 1733456633
AR seletoroperacao behavioral /home/ise/compart/TRAB2/SeletorOperacao.vhd sub00/vhpl17 1733456646
AR fifo arch /home/ise/compart/TRAB2/fifo.vhd sub00/vhpl11 1733456640
AR somador1alg comportamento /home/ise/compart/TRAB2/somador1Alg.vhd sub00/vhpl01 1733456630
EN multiplicador1alg NULL /home/ise/compart/TRAB2/Multiplicador1Alg.vhd sub00/vhpl02 1733456631
EN key2ascii NULL /home/ise/compart/TRAB2/list_ch08_04_key2ascii.vhd sub00/vhpl12 1733456641
EN somador1alg NULL /home/ise/compart/TRAB2/somador1Alg.vhd sub00/vhpl00 1733456629
EN kb_code NULL /home/ise/compart/TRAB2/CODIGO_TOP_LEVEL_TECLADO.vhd sub00/vhpl14 1733456643
EN numeros_teclado NULL /home/ise/compart/TRAB2/Numeros_teclado.vhd sub00/vhpl18 1733456647
AR numeros_teclado behavioral /home/ise/compart/TRAB2/Numeros_teclado.vhd sub00/vhpl19 1733456648
EN multiplicadorcompleto_bcd NULL /home/ise/compart/TRAB2/MultiplicadorCompleto_BCD.vhd sub00/vhpl06 1733456635
EN fifo NULL /home/ise/compart/TRAB2/fifo.vhd sub00/vhpl10 1733456639
EN seletoroperacao NULL /home/ise/compart/TRAB2/SeletorOperacao.vhd sub00/vhpl16 1733456645
AR somadorcompleto_bcd behavioral /home/ise/compart/TRAB2/SomadorCompleto_BCD.vhd sub00/vhpl05 1733456634
AR multiplicadorcompleto_bcd behavioral /home/ise/compart/TRAB2/MultiplicadorCompleto_BCD.vhd sub00/vhpl07 1733456636
